Source,Target,Type,Label,timeset,Weight
Fred,Alice,Directed,,"<[2016-02-03, 2016-02-04]; [2016-02-05, 2016-02-08]>",1
Alice,Fred,Directed,,"<[2016-03-04, Infinity]>",1
Dirk,Fred,Directed,,"<[-Infinity, 2016-02-04]; [2016-02-04, 2016-02-26]>",1