Id,Label,timeset,string
1,,,a
2,,,b
3,,,
4,,,
5,,,c