Source,Target,Type,Label,timeset,Weight
A,B,Directed,,,1
A,D,Directed,,,2
B,A,Directed,,,1
C,C,Directed,,,1
D,B,Directed,,,3.5
D,D,Directed,,,4.2