Id,Label,timeset,utf8
1,uno,"<[1.0, 5.0]; [10.0, 10.5]; [11.0, 16.0]>",漢語
2,dos,,blabla
