Source,Target,Type,Label,timeset,Weight
Fred,Alice,Directed,,"<[2016-02-03, 2016-02-05]>",1
Alice,Fred,Directed,,<[2016-03-04]>,1
Dirk,Fred,Directed,,"<[2016-02-04, 2016-02-05]>",1