Source,Target,Type,Label,timeset,Weight
a,b,Directed,,,"<[1.0, 2.0, 1.0]; [2.0, 3.0, 2.0]; [3.0, 5.5, 3.25]>"
b,c,Directed,,,"<[1.0, Infinity, 1.0]>"