Id,Label,timeset,bigint,intervallongmap,long,int,double,string,boolean
1,1,"<[1.0, 5.0]; [10.0, 10.5]; [11.0, 16.0]>",123456789123456789123456789123456789123456789123456789,"<[1.0, 2.0, 1]; [2.0, 3.0, 2]>",77,6,1,ab,false
2,,"<[1.0, 5.0]; [10.0, 10.5]; [11.0, 16.0]>",2,"<[1.0, 2.0, 1234872492744446]>",77,77,2,cd,true
3,,,,,,,,,
4,,,,,,,,,
5,5,"<[1.0, 5.0]; [10.0, 10.5]; [11.0, 16.0]>",3,"<[-1.0, 5.0, 0]>",8889848888888888,88888,4.6,ef,true